// Jest Snapshot v1, https://goo.gl/fbAQLP

exports[`renderScreen golden snapshots leaf menu with CON meter subs (bar rendering branch) 1`] = `
"<div id="lcd"><div class="top-docked"></div><div class="main-content"><span class="back-link" data-key="10030000">[levels]</span> Meters
<span class="param-label">L</span> <span class="meter-bar">███████████████████░░░░░░░░░░░░░░░░░░░</span>
<span class="param-label">R</span> <span class="meter-bar">█████████████████████████████░░░░░░░░░</span>

<span class="softkey" data-key="10030001" data-idx="0">[meters]                                </span>
</div><div class="bottom-docked"><span class="softkey" data-key="10020000" data-idx="0">program   </span><span class="softkey" data-key="10010000" data-idx="1">setup     </span><span class="softkey" data-key="10030000" data-idx="2">levels    </span><span class="softkey" data-key="10030500" data-idx="3">bypass    </span></div></div>"
`;

exports[`renderScreen golden snapshots leaf menu with NUM + SET + TRG params and keyStack depth 1 1`] = `
"<div id="lcd"><div class="top-docked"></div><div class="main-content"><span class="back-link" data-key="10010000">[setup]</span> Input
Param <span class="param-value" data-key="10010011">50.0</span>
Mode <select data-key="10010012" class="param-select"><option value="0">auto</option><option value="1" selected="">manual</option></select>
<span class="param-value" data-key="10010013">Reset</span>

<span class="softkey" data-key="10010001" data-idx="0">[input]      </span><span class="softkey" data-key="10010002" data-idx="1">output       </span><span class="softkey" data-key="10010003" data-idx="2">midi         </span>
</div><div class="bottom-docked"><span class="softkey" data-key="10020000" data-idx="0">program   </span><span class="softkey" data-key="10010000" data-idx="1">setup     </span><span class="softkey" data-key="10030000" data-idx="2">levels    </span><span class="softkey" data-key="10030500" data-idx="3">bypass    </span></div></div>"
`;

exports[`renderScreen golden snapshots root menu (currentKey=0) with DSP tab line and root softkey grid 1`] = `
"<div id="lcd"><div class="top-docked"> <span class="dsp-clickable current" data-key="401000b">[A: Reverb]</span> <span class="dsp-clickable" data-key="801000b">B: Delay</span></div><div class="main-content">

program   setup     levels    bypass    </div><div class="bottom-docked"></div></div>"
`;
